// Vitest Snapshot v1, https://vitest.dev/guide/snapshot.html

exports[`AvatarGroup component > AvatarGroup component - should check render with snapshot 1`] = `
Object {
  "asFragment": [Function],
  "baseElement": <body>
    <div>
      <span
        class="avatar-group avatar-group-snapshot"
        role="group"
      >
        <img
          alt=" "
          class="ava ava-loader rounded-full"
          decoding="async"
          draggable="false"
          height="56"
          loading="lazy"
          src="https://images.unsplash.com/photo-1494790108377-be9c29b29330?ixlib=rb-4.0.3&ixid=MnwxMjA3fDB8MHxzZWFyY2h8NHx8dXNlcnxlbnwwfHwwfHw%3D&w=1000&q=80"
          width="56"
        />
        <img
          alt=" "
          class="ava ava-loader rounded-full"
          decoding="async"
          draggable="false"
          height="56"
          loading="lazy"
          src="/img/hijab_girl.jpg"
          width="56"
        />
        <img
          alt=" "
          class="ava ava-loader rounded-full"
          decoding="async"
          draggable="false"
          height="56"
          loading="lazy"
          src="/img/hijab_girl_2.webp"
          width="56"
        />
        <img
          alt=" "
          class="ava ava-loader rounded-full"
          decoding="async"
          draggable="false"
          height="56"
          loading="lazy"
          src="/img/hijab_girl_3.jpg"
          width="56"
        />
        <img
          alt=" "
          aria-label="?"
          class="ava ava-light rounded-full"
          decoding="async"
          draggable="false"
          height="56"
          loading="lazy"
          style="--fs: calc(56px / 2.25); --bg: #5a6268;"
          width="56"
        />
        <img
          alt=" "
          class="ava ava-loader rounded-full"
          decoding="async"
          draggable="false"
          height="56"
          loading="lazy"
          src="/img/hijab_girl_4.jpg"
          width="56"
        />
        <img
          alt=" "
          aria-label="?"
          class="ava ava-light rounded-full"
          decoding="async"
          draggable="false"
          height="56"
          loading="lazy"
          style="--fs: calc(56px / 2.25); --bg: #5a6268;"
          width="56"
        />
        <img
          alt=" "
          aria-label="?"
          class="ava ava-light rounded-full"
          decoding="async"
          draggable="false"
          height="56"
          loading="lazy"
          style="--fs: calc(56px / 2.25); --bg: #5a6268;"
          width="56"
        />
      </span>
    </div>
  </body>,
  "container": <div>
    <span
      class="avatar-group avatar-group-snapshot"
      role="group"
    >
      <img
        alt=" "
        class="ava ava-loader rounded-full"
        decoding="async"
        draggable="false"
        height="56"
        loading="lazy"
        src="https://images.unsplash.com/photo-1494790108377-be9c29b29330?ixlib=rb-4.0.3&ixid=MnwxMjA3fDB8MHxzZWFyY2h8NHx8dXNlcnxlbnwwfHwwfHw%3D&w=1000&q=80"
        width="56"
      />
      <img
        alt=" "
        class="ava ava-loader rounded-full"
        decoding="async"
        draggable="false"
        height="56"
        loading="lazy"
        src="/img/hijab_girl.jpg"
        width="56"
      />
      <img
        alt=" "
        class="ava ava-loader rounded-full"
        decoding="async"
        draggable="false"
        height="56"
        loading="lazy"
        src="/img/hijab_girl_2.webp"
        width="56"
      />
      <img
        alt=" "
        class="ava ava-loader rounded-full"
        decoding="async"
        draggable="false"
        height="56"
        loading="lazy"
        src="/img/hijab_girl_3.jpg"
        width="56"
      />
      <img
        alt=" "
        aria-label="?"
        class="ava ava-light rounded-full"
        decoding="async"
        draggable="false"
        height="56"
        loading="lazy"
        style="--fs: calc(56px / 2.25); --bg: #5a6268;"
        width="56"
      />
      <img
        alt=" "
        class="ava ava-loader rounded-full"
        decoding="async"
        draggable="false"
        height="56"
        loading="lazy"
        src="/img/hijab_girl_4.jpg"
        width="56"
      />
      <img
        alt=" "
        aria-label="?"
        class="ava ava-light rounded-full"
        decoding="async"
        draggable="false"
        height="56"
        loading="lazy"
        style="--fs: calc(56px / 2.25); --bg: #5a6268;"
        width="56"
      />
      <img
        alt=" "
        aria-label="?"
        class="ava ava-light rounded-full"
        decoding="async"
        draggable="false"
        height="56"
        loading="lazy"
        style="--fs: calc(56px / 2.25); --bg: #5a6268;"
        width="56"
      />
    </span>
  </div>,
  "debug": [Function],
  "findAllByAltText": [Function],
  "findAllByDisplayValue": [Function],
  "findAllByLabelText": [Function],
  "findAllByPlaceholderText": [Function],
  "findAllByRole": [Function],
  "findAllByTestId": [Function],
  "findAllByText": [Function],
  "findAllByTitle": [Function],
  "findByAltText": [Function],
  "findByDisplayValue": [Function],
  "findByLabelText": [Function],
  "findByPlaceholderText": [Function],
  "findByRole": [Function],
  "findByTestId": [Function],
  "findByText": [Function],
  "findByTitle": [Function],
  "getAllByAltText": [Function],
  "getAllByDisplayValue": [Function],
  "getAllByLabelText": [Function],
  "getAllByPlaceholderText": [Function],
  "getAllByRole": [Function],
  "getAllByTestId": [Function],
  "getAllByText": [Function],
  "getAllByTitle": [Function],
  "getByAltText": [Function],
  "getByDisplayValue": [Function],
  "getByLabelText": [Function],
  "getByPlaceholderText": [Function],
  "getByRole": [Function],
  "getByTestId": [Function],
  "getByText": [Function],
  "getByTitle": [Function],
  "queryAllByAltText": [Function],
  "queryAllByDisplayValue": [Function],
  "queryAllByLabelText": [Function],
  "queryAllByPlaceholderText": [Function],
  "queryAllByRole": [Function],
  "queryAllByTestId": [Function],
  "queryAllByText": [Function],
  "queryAllByTitle": [Function],
  "queryByAltText": [Function],
  "queryByDisplayValue": [Function],
  "queryByLabelText": [Function],
  "queryByPlaceholderText": [Function],
  "queryByRole": [Function],
  "queryByTestId": [Function],
  "queryByText": [Function],
  "queryByTitle": [Function],
  "rerender": [Function],
  "unmount": [Function],
}
`;
